10:22:22 **** Build of project TP2_bsp ****
make -k all 
"Running Make include in microblaze_0/libsrc/bram_v4_0/src"
make -C microblaze_0/libsrc/bram_v4_0/src -s include  "SHELL=CMD" "COMPILER=mb-gcc" "ARCHIVER=mb-ar" "COMPILER_FLAGS= -O2 -c -mcpu=v9.3 -mlittle-endian -mxl-soft-mul" "EXTRA_COMPILER_FLAGS=-g -ffunction-sections -fdata-sections"
"Running Make include in microblaze_0/libsrc/cpu_v2_1/src"
make -C microblaze_0/libsrc/cpu_v2_1/src -s include  "SHELL=CMD" "COMPILER=mb-gcc" "ARCHIVER=mb-ar" "COMPILER_FLAGS= -O2 -c -mcpu=v9.3 -mlittle-endian -mxl-soft-mul" "EXTRA_COMPILER_FLAGS=-g -ffunction-sections -fdata-sections"
"Running Make include in microblaze_0/libsrc/gpio_v4_0/src"
make -C microblaze_0/libsrc/gpio_v4_0/src -s include  "SHELL=CMD" "COMPILER=mb-gcc" "ARCHIVER=mb-ar" "COMPILER_FLAGS= -O2 -c -mcpu=v9.3 -mlittle-endian -mxl-soft-mul" "EXTRA_COMPILER_FLAGS=-g -ffunction-sections -fdata-sections"
"Running Make include in microblaze_0/libsrc/intc_v3_1/src"
make -C microblaze_0/libsrc/intc_v3_1/src -s include  "SHELL=CMD" "COMPILER=mb-gcc" "ARCHIVER=mb-ar" "COMPILER_FLAGS= -O2 -c -mcpu=v9.3 -mlittle-endian -mxl-soft-mul" "EXTRA_COMPILER_FLAGS=-g -ffunction-sections -fdata-sections"
"Running Make include in microblaze_0/libsrc/standalone_v4_1/src"
make -C microblaze_0/libsrc/standalone_v4_1/src -s include  "SHELL=CMD" "COMPILER=mb-gcc" "ARCHIVER=mb-ar" "COMPILER_FLAGS= -O2 -c -mcpu=v9.3 -mlittle-endian -mxl-soft-mul" "EXTRA_COMPILER_FLAGS=-g -ffunction-sections -fdata-sections"
"Running Make libs in microblaze_0/libsrc/bram_v4_0/src"
make -C microblaze_0/libsrc/bram_v4_0/src -s libs  "SHELL=CMD" "COMPILER=mb-gcc" "ARCHIVER=mb-ar" "COMPILER_FLAGS= -O2 -c -mcpu=v9.3 -mlittle-endian -mxl-soft-mul" "EXTRA_COMPILER_FLAGS=-g -ffunction-sections -fdata-sections"
"Compiling bram"
mb-ar: creating ../../../lib/libxil.a
"Running Make libs in microblaze_0/libsrc/cpu_v2_1/src"
make -C microblaze_0/libsrc/cpu_v2_1/src -s libs  "SHELL=CMD" "COMPILER=mb-gcc" "ARCHIVER=mb-ar" "COMPILER_FLAGS= -O2 -c -mcpu=v9.3 -mlittle-endian -mxl-soft-mul" "EXTRA_COMPILER_FLAGS=-g -ffunction-sections -fdata-sections"
"Compiling cpu"
"Running Make libs in microblaze_0/libsrc/gpio_v4_0/src"
make -C microblaze_0/libsrc/gpio_v4_0/src -s libs  "SHELL=CMD" "COMPILER=mb-gcc" "ARCHIVER=mb-ar" "COMPILER_FLAGS= -O2 -c -mcpu=v9.3 -mlittle-endian -mxl-soft-mul" "EXTRA_COMPILER_FLAGS=-g -ffunction-sections -fdata-sections"
"Compiling gpio"
"Running Make libs in microblaze_0/libsrc/intc_v3_1/src"
make -C microblaze_0/libsrc/intc_v3_1/src -s libs  "SHELL=CMD" "COMPILER=mb-gcc" "ARCHIVER=mb-ar" "COMPILER_FLAGS= -O2 -c -mcpu=v9.3 -mlittle-endian -mxl-soft-mul" "EXTRA_COMPILER_FLAGS=-g -ffunction-sections -fdata-sections"
"Compiling intc"
"Running Make libs in microblaze_0/libsrc/standalone_v4_1/src"
make -C microblaze_0/libsrc/standalone_v4_1/src -s libs  "SHELL=CMD" "COMPILER=mb-gcc" "ARCHIVER=mb-ar" "COMPILER_FLAGS= -O2 -c -mcpu=v9.3 -mlittle-endian -mxl-soft-mul" "EXTRA_COMPILER_FLAGS=-g -ffunction-sections -fdata-sections"
"Compiling standalone";
'Finished building libraries'

**** Build of configuration Debug for project TP2 ****

Nothing to build for project TP2
10:24:57 **** Auto Build of configuration Debug for project TP2 ****
make all 
'Building file: ../src/test.c'
'Invoking: MicroBlaze gcc compiler'
mb-gcc -Wall -O0 -g3 -c -fmessage-length=0 -I../../TP2_bsp/microblaze_0/include -mlittle-endian -mcpu=v9.3 -mxl-soft-mul -Wl,--no-relax -ffunction-sections -fdata-sections -MMD -MP -MF"src/test.d" -MT"src/test.d" -o "src/test.o" "../src/test.c"
'Finished building: ../src/test.c'
' '
'Building target: TP2.elf'
'Invoking: MicroBlaze gcc linker'
mb-gcc -Wl,-T -Wl,../src/lscript.ld -L../../TP2_bsp/microblaze_0/lib -mlittle-endian -mcpu=v9.3 -mxl-soft-mul -Wl,--no-relax -Wl,--gc-sections -o "TP2.elf"  ./src/test.o   -Wl,--start-group,-lxil,-lgcc,-lc,--end-group
c:/xilinx/sdk/2014.2/gnu/microblaze/nt/bin/../lib/gcc/microblaze-xilinx-elf/4.8.3/../../../../microblaze-xilinx-elf/lib/le/crtinit.o: In function `_crtinit':
(.text+0x78): undefined reference to `main'
collect2.exe: error: ld returned 1 exit status
make: *** [TP2.elf] Erreur 1
10:36:18 **** Auto Build of configuration Debug for project TP2 ****
make all 
'Building file: ../src/test.c'
'Invoking: MicroBlaze gcc compiler'
mb-gcc -Wall -O0 -g3 -c -fmessage-length=0 -I../../TP2_bsp/microblaze_0/include -mlittle-endian -mcpu=v9.3 -mxl-soft-mul -Wl,--no-relax -ffunction-sections -fdata-sections -MMD -MP -MF"src/test.d" -MT"src/test.d" -o "src/test.o" "../src/test.c"
'Finished building: ../src/test.c'
' '
'Building target: TP2.elf'
'Invoking: MicroBlaze gcc linker'
mb-gcc -Wl,-T -Wl,../src/lscript.ld -L../../TP2_bsp/microblaze_0/lib -mlittle-endian -mcpu=v9.3 -mxl-soft-mul -Wl,--no-relax -Wl,--gc-sections -o "TP2.elf"  ./src/test.o   -Wl,--start-group,-lxil,-lgcc,-lc,--end-group
'Finished building target: TP2.elf'
' '
'Invoking: MicroBlaze Print Size'
mb-size TP2.elf  |tee "TP2.elf.size"
   text	   data	    bss	    dec	    hex	filename
   3432	    352	   2088	   5872	   16f0	TP2.elf
'Finished building: TP2.elf.size'
' '
10:39:00 **** Incremental Build of configuration Debug for project TP2 ****
make all 
make: Rien à faire pour « all ».
10:47:12 **** Auto Build of configuration Debug for project TP2 ****
make all 
'Building file: ../src/test.c'
'Invoking: MicroBlaze gcc compiler'
mb-gcc -Wall -O0 -g3 -c -fmessage-length=0 -I../../TP2_bsp/microblaze_0/include -mlittle-endian -mcpu=v9.3 -mxl-soft-mul -Wl,--no-relax -ffunction-sections -fdata-sections -MMD -MP -MF"src/test.d" -MT"src/test.d" -o "src/test.o" "../src/test.c"
'Finished building: ../src/test.c'
' '
'Building target: TP2.elf'
'Invoking: MicroBlaze gcc linker'
mb-gcc -Wl,-T -Wl,../src/lscript.ld -L../../TP2_bsp/microblaze_0/lib -mlittle-endian -mcpu=v9.3 -mxl-soft-mul -Wl,--no-relax -Wl,--gc-sections -o "TP2.elf"  ./src/test.o   -Wl,--start-group,-lxil,-lgcc,-lc,--end-group
'Finished building target: TP2.elf'
' '
'Invoking: MicroBlaze Print Size'
mb-size TP2.elf  |tee "TP2.elf.size"
   text	   data	    bss	    dec	    hex	filename
   3432	    352	   2088	   5872	   16f0	TP2.elf
'Finished building: TP2.elf.size'
' '
10:47:58 **** Auto Build of configuration Debug for project TP2 ****
make all 
'Building file: ../src/test.c'
'Invoking: MicroBlaze gcc compiler'
mb-gcc -Wall -O0 -g3 -c -fmessage-length=0 -I../../TP2_bsp/microblaze_0/include -mlittle-endian -mcpu=v9.3 -mxl-soft-mul -Wl,--no-relax -ffunction-sections -fdata-sections -MMD -MP -MF"src/test.d" -MT"src/test.d" -o "src/test.o" "../src/test.c"
'Finished building: ../src/test.c'
' '
'Building target: TP2.elf'
'Invoking: MicroBlaze gcc linker'
mb-gcc -Wl,-T -Wl,../src/lscript.ld -L../../TP2_bsp/microblaze_0/lib -mlittle-endian -mcpu=v9.3 -mxl-soft-mul -Wl,--no-relax -Wl,--gc-sections -o "TP2.elf"  ./src/test.o   -Wl,--start-group,-lxil,-lgcc,-lc,--end-group
'Finished building target: TP2.elf'
' '
'Invoking: MicroBlaze Print Size'
mb-size TP2.elf  |tee "TP2.elf.size"
   text	   data	    bss	    dec	    hex	filename
   3480	    352	   2088	   5920	   1720	TP2.elf
'Finished building: TP2.elf.size'
' '
10:59:21 **** Incremental Build of configuration Debug for project TP2 ****
make all 
make: Rien à faire pour « all ».
11:10:29 **** Auto Build of configuration Debug for project TP2 ****
make all 
'Building file: ../src/test.c'
'Invoking: MicroBlaze gcc compiler'
mb-gcc -Wall -O0 -g3 -c -fmessage-length=0 -I../../TP2_bsp/microblaze_0/include -mlittle-endian -mcpu=v9.3 -mxl-soft-mul -Wl,--no-relax -ffunction-sections -fdata-sections -MMD -MP -MF"src/test.d" -MT"src/test.d" -o "src/test.o" "../src/test.c"
../src/test.c: In function 'main':
../src/test.c:34:4: warning: implicit declaration of function 'XGpioDiscreteWrite' [-Wimplicit-function-declaration]
    if(count < 100000) XGpioDiscreteWrite(ledPtr,2,0x1111);
    ^
'Finished building: ../src/test.c'
' '
'Building target: TP2.elf'
'Invoking: MicroBlaze gcc linker'
mb-gcc -Wl,-T -Wl,../src/lscript.ld -L../../TP2_bsp/microblaze_0/lib -mlittle-endian -mcpu=v9.3 -mxl-soft-mul -Wl,--no-relax -Wl,--gc-sections -o "TP2.elf"  ./src/test.o   -Wl,--start-group,-lxil,-lgcc,-lc,--end-group
./src/test.o: In function `main':
C:\Users\3502859\TP\TP2\TP2.sdk\TP2\Debug/../src/test.c:34: undefined reference to `XGpioDiscreteWrite'
C:\Users\3502859\TP\TP2\TP2.sdk\TP2\Debug/../src/test.c:35: undefined reference to `XGpioDiscreteWrite'
collect2.exe: error: ld returned 1 exit status
make: *** [TP2.elf] Erreur 1
11:11:14 **** Auto Build of configuration Debug for project TP2 ****
make all 
'Building file: ../src/test.c'
'Invoking: MicroBlaze gcc compiler'
mb-gcc -Wall -O0 -g3 -c -fmessage-length=0 -I../../TP2_bsp/microblaze_0/include -mlittle-endian -mcpu=v9.3 -mxl-soft-mul -Wl,--no-relax -ffunction-sections -fdata-sections -MMD -MP -MF"src/test.d" -MT"src/test.d" -o "src/test.o" "../src/test.c"
../src/test.c: In function 'main':
../src/test.c:34:4: warning: implicit declaration of function 'XGpioDiscreteWrite' [-Wimplicit-function-declaration]
    if(count < 100000) XGpioDiscreteWrite(ledPtr,2,0x1111);
    ^
'Finished building: ../src/test.c'
' '
'Building target: TP2.elf'
'Invoking: MicroBlaze gcc linker'
mb-gcc -Wl,-T -Wl,../src/lscript.ld -L../../TP2_bsp/microblaze_0/lib -mlittle-endian -mcpu=v9.3 -mxl-soft-mul -Wl,--no-relax -Wl,--gc-sections -o "TP2.elf"  ./src/test.o   -Wl,--start-group,-lxil,-lgcc,-lc,--end-group
./src/test.o: In function `main':
C:\Users\3502859\TP\TP2\TP2.sdk\TP2\Debug/../src/test.c:34: undefined reference to `XGpioDiscreteWrite'
collect2.exe: error: ld returned 1 exit status
make: *** [TP2.elf] Erreur 1
11:11:35 **** Auto Build of configuration Debug for project TP2 ****
make all 
'Building file: ../src/test.c'
'Invoking: MicroBlaze gcc compiler'
mb-gcc -Wall -O0 -g3 -c -fmessage-length=0 -I../../TP2_bsp/microblaze_0/include -mlittle-endian -mcpu=v9.3 -mxl-soft-mul -Wl,--no-relax -ffunction-sections -fdata-sections -MMD -MP -MF"src/test.d" -MT"src/test.d" -o "src/test.o" "../src/test.c"
'Finished building: ../src/test.c'
' '
'Building target: TP2.elf'
'Invoking: MicroBlaze gcc linker'
mb-gcc -Wl,-T -Wl,../src/lscript.ld -L../../TP2_bsp/microblaze_0/lib -mlittle-endian -mcpu=v9.3 -mxl-soft-mul -Wl,--no-relax -Wl,--gc-sections -o "TP2.elf"  ./src/test.o   -Wl,--start-group,-lxil,-lgcc,-lc,--end-group
'Finished building target: TP2.elf'
' '
'Invoking: MicroBlaze Print Size'
mb-size TP2.elf  |tee "TP2.elf.size"
   text	   data	    bss	    dec	    hex	filename
   3580	    352	   2092	   6024	   1788	TP2.elf
'Finished building: TP2.elf.size'
' '
